
 Working directory              : /SCR1/adam/water.8544-20220214/molpro.Vj8HGxcCNg/
 Global scratch directory       : /SCR1/adam/water.8544-20220214/molpro.Vj8HGxcCNg/
 Wavefunction directory         : /home/linux1_i1/adam/Documents/tests/Molpro/water/
 Main file repository           : /SCR1/adam/water.8544-20220214/molpro.Vj8HGxcCNg/

 id        : koehnrobert

 Nodes     nprocs
 orpheus36    1
 GA implementation: MPI file
 GA implementation (serial work in mppx): MPI file

 Using customized tuning parameters: mindgm=1; mindgv=20; mindgc=4; mindgr=1; noblas=0; minvec=7
 default implementation of scratch files=df  


 Variables initialized (1015), CPU time= 0.00 sec
 gprint,orbitals
 basis=vdz
 
 r=1.85,theta=104
 geometry={O;
           H1,O,r;
           H2,O,r,H1,theta}
 
 {df-rhf, orbprint=10}
 
 {df-multi; config,orbprint=10}
 Commands initialized (834), CPU time= 0.01 sec, 672 directives.
 Default parameters read. Elapsed time= 0.12 sec

 Checking input...
 Passed
1


                                         ***  PROGRAM SYSTEM MOLPRO  ***
                                       Copyright, TTI GmbH Stuttgart, 2015
                                    Version 2022.2 linked Mon Feb 14 08:28:22 2022


 **********************************************************************************************************************************
 LABEL *                                                                                 
  64 bit serial version                                                                  DATE: 14-Feb-22          TIME: 16:53:15  
 **********************************************************************************************************************************

 SHA1:             30aa63e668a0f6fada0aaaa022d4e13a0508f1bc
 **********************************************************************************************************************************

 Memory per process:        32 MW
 Total memory per node:     32 MW

 GA preallocation disabled
 GA check disabled

 Variable memory set to 32.0 MW


 SETTING BASIS          =    VDZ
 SETTING R              =         1.85000000                                  
 SETTING THETA          =       104.00000000                                  


 Recomputing integrals since basis changed


 Using spherical harmonics

 Library entry O      S cc-pVDZ              selected for orbital group  1
 Library entry O      P cc-pVDZ              selected for orbital group  1
 Library entry O      D cc-pVDZ              selected for orbital group  1
 Library entry H      S cc-pVDZ              selected for orbital group  2
 Library entry H      P cc-pVDZ              selected for orbital group  2


 PROGRAM * SEWARD (Integral evaluation for generally contracted gaussian basis sets)     Author: Roland Lindh, 1990

 Geometry written to block  1 of record 700

 Orientation using atomic masses  
 Molecule type: Asymmetric top,     Order of principal axis = 2
 Symmetry elements: X,Y
 Rotational constants:     273.1674388    777.0700186    421.2525104 GHz  (calculated with average atomic masses)

 Point group  C2v 



 ATOMIC COORDINATES

 NR  ATOM    CHARGE       X              Y              Z

   1  O       8.00    0.000000000    0.000000000   -0.127449274
   2  H1      1.00    0.000000000    1.457819894    1.011524455
   3  H2      1.00    0.000000000   -1.457819894    1.011524455

 Bond lengths in Bohr (Angstrom)

 1-2  1.850000000  1-3  1.850000000
     ( 0.978977840)     ( 0.978977840)

 Bond angles

  2-1-3  104.00000000

 NUCLEAR CHARGE:                   10
 NUMBER OF PRIMITIVE AOS:          41
 NUMBER OF SYMMETRY AOS:           40
 NUMBER OF CONTRACTIONS:           24   (   11A1  +    4B1  +    7B2  +    2A2  )
 NUMBER OF INNER CORE ORBITALS:     0   (    0A1  +    0B1  +    0B2  +    0A2  )
 NUMBER OF OUTER CORE ORBITALS:     1   (    1A1  +    0B1  +    0B2  +    0A2  )
 NUMBER OF VALENCE ORBITALS:        6   (    3A1  +    1B1  +    2B2  +    0A2  )


 NUCLEAR REPULSION ENERGY    8.99162654

 Eigenvalues of metric

         1 0.180E-01 0.535E-01 0.163E+00 0.224E+00 0.532E+00 0.986E+00 0.101E+01 0.128E+01
         2 0.183E+00 0.543E+00 0.110E+01 0.222E+01
         3 0.474E-01 0.100E+00 0.176E+00 0.685E+00 0.102E+01 0.118E+01 0.255E+01
         4 0.637E+00 0.132E+01


 OPERATOR DM      FOR CENTER  0  COORDINATES:    0.000000    0.000000    0.000000


 **********************************************************************************************************************************
 DATASETS  * FILE   NREC   LENGTH (MB)   RECORD NAMES
              1      18       28.57       500      610      700      900      950      970     1000      129      960     1100   
                                          VAR    BASINP    GEOM    SYMINP    ZMAT    AOBASIS   BASIS     P2S    ABASIS      S 
                                         1400     1410     1200     1210     1080     1600     1650     1700   
                                           T        V       H0       H01     AOSYM     SMH    MOLCAS    OPER   

 PROGRAMS   *        TOTAL       INT
 CPU TIMES  *         0.22      0.09
 REAL TIME  *         0.42 SEC
 DISK USED  *        28.84 MB
 **********************************************************************************************************************************


 Program * Restricted Hartree-Fock

 Basis set VDZ/JKFIT generated.          Number of basis functions:   116 
 Coulomb and exchange fitting
 Thresholds for fitting:       THRAO_COUL= 1.0D-15    THRAO_EXCH= 1.0D-13    THRMO= 1.0D-12    THRPROD= 1.0D-12    THRASM= 1.0D-12
                               THR2HLF=    1.0D-12

 Basis set VDZ-JKFIT loaded. Number of basis functions: 116

 Orbital guess generated from atomic densities. Full valence occupancy:    4   1   2   0

 Initial occupancy:   3   1   1   0

 NELEC=   10   SYM=1   MS2= 0   THRE=1.0D-08   THRD=3.2D-06   THRG=3.2D-06  HFMA2=F  DIIS_START=2   DIIS_MAX=10   DIIS_INCORE=F

 Level shifts:    0.00 (CLOSED)    0.00 (OPEN)    0.30 (GAP_MIN)

 ITER           ETOT              DE          GRAD        DDIFF     DIIS  NEXP   TIME(IT)  TIME(TOT)  DIAG
   1      -75.98578855     -75.98578855     0.00D+00     0.40D+00     0     0       0.00      0.06    start
   2      -76.01569782      -0.02990927     0.37D-01     0.77D-01     1     0       0.01      0.07    diag
   3      -76.02461371      -0.00891589     0.20D-01     0.26D-01     2     0       0.00      0.07    diag
   4      -76.02484775      -0.00023404     0.23D-02     0.48D-02     3     0       0.01      0.08    diag
   5      -76.02486804      -0.00002030     0.63D-03     0.16D-02     4     0       0.00      0.08    diag
   6      -76.02486869      -0.00000064     0.98D-04     0.25D-03     5     0       0.01      0.09    diag
   7      -76.02486870      -0.00000001     0.14D-04     0.43D-04     6     0       0.00      0.09    diag
   8      -76.02486870      -0.00000000     0.11D-05     0.30D-05     7     0       0.01      0.10    fixocc
   9      -76.02486870      -0.00000000     0.13D-06     0.26D-06     0     0       0.01      0.11    diag

 Final occupancy:   3   1   1   0

 !RHF STATE 1.1 Energy                -76.024868699726
  RHF One-electron energy            -122.786542293174
  RHF Two-electron energy              37.770047048834
  RHF Kinetic energy                   75.908768306040
  RHF Nuclear energy                    8.991626544614
  RHF Virial quotient                  -1.001529472764

 !RHF STATE 1.1 Dipole moment           0.00000000     0.00000000     0.82025624
 Dipole moment /Debye                   0.00000000     0.00000000     2.08488341

 ELECTRON ORBITALS
 =================

  Orbital  Occupation    Energy    Cen Mu Typ  Coefficients
    1.1     2.00000   -20.55452     1  1  s    1.00036
    2.1     2.00000    -1.32636     1  2  s    0.87521    2  1  s    0.44498
    3.1     2.00000    -0.56360     1  2  s   -0.29320    1  1  pz   0.79073    2  1  s    0.49933
    4.1     0.00000     0.18174     1  3  s   -0.89751    1  1  pz  -0.29008    2  2  s    1.08266
    5.1     0.00000     0.83662     1  2  s   -0.51374    1  3  s    0.62098    1  1  pz  -0.48254    2  1  s    1.93516
                                    2  2  s   -1.76615    2  1  py   0.39442
    6.1     0.00000     1.16547     1  3  s    0.55436    1  1  pz  -1.10481    1  2  pz   1.75525    2  1  s   -1.23265
                                    2  2  s    0.46254    2  1  pz   0.37563
    7.1     0.00000     1.44403     1  2  s   -1.03144    1  3  s    1.05487    1  2  pz  -0.86524    2  1  s    0.82494
                                    2  2  s   -0.69348    2  1  pz   0.74517    2  1  py  -0.49439
    8.1     0.00000     1.87131     1  1  s   -0.73475    1  2  s   -3.18071    1  3  s    4.79908    1  2  pz   0.91884
                                    2  1  s   -1.91648    2  2  s    0.42289    2  1  py   0.51636
    9.1     0.00000     2.43825     1  2  s    1.25268    1  1  pz   0.95503    2  1  s   -1.10904    2  2  s    0.31626
                                    2  1  pz   0.76058    2  1  py   1.04698
   10.1     0.00000     3.48452     1  2  s   -0.29587    1  3  s    0.65401    1  2  pz   0.49868    1  1  d0   1.06933
                                    2  1  s   -0.63908    2  2  s    0.27613    2  1  pz  -0.43988    2  1  py   0.46963
   11.1     0.00000     3.83971     1  2  s    0.48707    1  3  s   -2.48605    1  1  pz  -0.53477    1  2  pz  -0.67317
                                    1  1  d2+  1.14657    2  1  s    2.82145    2  2  s   -1.14403    2  1  pz  -0.67009
                                    2  1  py  -0.86937
    1.2     2.00000    -0.49185     1  1  px   0.92089
    2.2     0.00000     1.19975     1  1  px  -1.40930    1  2  px   1.65645
    3.2     0.00000     1.66874     1  2  px  -0.66071    2  1  px   1.07725
    4.2     0.00000     3.26985     1  2  px   0.31137    1  1  d1+  1.03712    2  1  px  -0.54163
    1.3     2.00000    -0.68690     1  1  py   0.71020    2  1  s    0.77784    2  2  s   -0.25636
    2.3     0.00000     0.25298     1  1  py  -0.42249    1  2  py  -0.47497    2  2  s    1.94920
    3.3     0.00000     0.77247     1  1  py  -0.39695    2  1  s    2.26621    2  2  s   -2.15617
    4.3     0.00000     1.25541     1  1  py  -1.08546    1  2  py   2.23752    2  1  s   -0.87629    2  2  s   -0.68174
                                    2  1  py   0.43069    2  1  pz   0.25156
    5.3     0.00000     1.91491     1  2  py   0.90417    2  1  s   -0.91023    2  2  s    0.32800    2  1  py  -0.64149
                                    2  1  pz   0.98242
    6.3     0.00000     2.40121     1  1  py   1.18000    1  2  py  -0.39717    2  1  s   -0.62090    2  1  py   1.01104
                                    2  1  pz   0.76654
    7.3     0.00000     4.12589     1  1  py   0.61396    1  2  py   0.82834    1  1  d1-  1.31581    2  1  s   -2.44451
                                    2  2  s    0.82618    2  1  py   0.82966    2  1  pz   0.69230
    1.4     0.00000     1.47290     2  1  px   0.96763
    2.4     0.00000     3.31640     1  1  d2-  1.05779    2  1  px  -0.50486


 HOMO      1.2    -0.491848 =     -13.3839eV
 LUMO      4.1     0.181738 =       4.9453eV
 LUMO-HOMO         0.673585 =      18.3292eV

 Orbitals saved in record  2100.2


 **********************************************************************************************************************************
 DATASETS  * FILE   NREC   LENGTH (MB)   RECORD NAMES
              1      18       28.57       500      610      700      900      950      970     1000      129      960     1100   
                                          VAR    BASINP    GEOM    SYMINP    ZMAT    AOBASIS   BASIS     P2S    ABASIS      S 
                                         1400     1410     1200     1210     1080     1600     1650     1700   
                                           T        V       H0       H01     AOSYM     SMH    MOLCAS    OPER   

              2       4        0.50       700     1000      520     2100   
                                         GEOM     BASIS   MCVARS     RHF  

              4       2        0.03      8000     8001   

 PROGRAMS   *        TOTAL    DF-RHF       INT
 CPU TIMES  *         0.33      0.11      0.09
 REAL TIME  *         0.62 SEC
 DISK USED  *        29.27 MB
 **********************************************************************************************************************************

 PROGRAM * MULTI (Direct Multiconfiguration SCF)       Authors: P.J. Knowles, H.-J. Werner (1984)
                                                                D.A. Kreplin, P.J. Knowles, H.-J. Werner (2020)


 Number of closed-shell orbitals:   1 (    1    0    0    0)
 Number of active  orbitals:        6 (    3    1    2    0)
 Number of external orbitals:      17 (    7    3    5    2)

 State symmetry 1

 Number of active electrons:   8    Spin symmetry=Singlet   Space symmetry=1
 Number of states:             1
 Number of CSFs:              37

 Maximum number of shells:             5
 Maximum number of spin couplings:    14

 Storage for configuration lists: 337, coupling coefficients: 2367, address lists: 2582

 Molecular orbitals read from record     2100.2  Type=RHF/CANONICAL  

 Wavefunction dump at record             2140.2

 Convergence thresholds  0.10E-04 (gradient)  0.10E-07 (energy)

 Basis set VDZ-JKFIT loaded.             Number of basis functions:   116
 
 Number of orbital rotations:  44  ( 3 closed/active, 7 closed/virtual, 0 active/active, 34 active/virtual )
 Total number of variables:    81
 
 First-order MCSCF: SO-SCI
 
 ITER.  MIC  NCI          ENERGY    ENERGY CHANGE          GRAD      ORB GRAD        CI RES  NQN        STEP      TIME
    1    1    1     -76.03182139     -76.03182139    0.02329711    0.02329711    0.00000000    0    0.13E+01      0.06
    2    1    1     -76.07775262      -0.04593123    0.02478271    0.02478271    0.00000000    0    0.16E+00      0.07
    3    1    1     -76.07972477      -0.00197215    0.00609853    0.00609853    0.00000000    0    0.35E-01      0.08
    4    1    1     -76.07983491      -0.00011014    0.00354328    0.00354328    0.00000000    0    0.11E-01      0.09
    5    1    1     -76.07984749      -0.00001258    0.00170110    0.00170110    0.00000000    1    0.64E-02      0.10
    6    1    1     -76.07984988      -0.00000240    0.00013638    0.00013638    0.00000000    2    0.68E-03      0.11
    7    1    1     -76.07984992      -0.00000003    0.00003301    0.00003301    0.00000000    3    0.32E-03      0.12

 CONVERGENCE REACHED!  Final gradient:     0.00000821 ( 0.82E-05)
                       Final energy:     -76.07984992
 
 First order charge density matrix for state 1.1 saved on record 2140.2 (density set 1)
 
 Results for state 1.1
 =====================
 !MCSCF STATE 1.1 Energy                       -76.079849919381
 Nuclear energy                                  8.99162654
 Kinetic energy                                 76.04607965
 One electron energy                          -122.73621402
 Two electron energy                            37.66473756
 Virial ratio                                    2.00044408
 
 !MCSCF STATE 1.1 Dipole moment                  0.00000000     0.00000000     0.76063034
 Dipole moment /Debye                            0.00000000     0.00000000     1.93332948
 
 No non-zero expectation values
 
  NATURAL ORBITALS 
  ================

  Orbital  Occupation    Energy    Cen Mu Typ  Coefficients
    1.1     2.00000   -20.45633     1  1  s    0.99852
    2.1     1.99896    -1.17963     1  2  s    0.88928    1  1  pz  -0.35165
    3.1     1.97759    -0.79896     1  2  s    0.25643    1  1  pz   0.71816    2  1  s    0.67907    2  2  s   -0.27179
    4.1     0.02364     0.75347     1  2  s   -0.91601    1  3  s    0.27145    1  1  pz  -1.13590    1  2  pz   0.61816
                                    2  1  s    1.32295    2  2  s   -0.50836
    1.2     1.99941    -0.49412     1  1  px   0.92086
    1.3     1.97575    -0.68233     1  1  py   0.71785    2  1  s    0.79118    2  2  s   -0.25699
    2.3     0.02465     0.74273     1  1  py  -1.26616    1  2  py   0.52646    2  1  s    1.39210    2  2  s   -0.43385
 
 Natural orbital dump at molpro section 2140.2 (Orbital set 2)


 **********************************************************************************************************************************
 DATASETS  * FILE   NREC   LENGTH (MB)   RECORD NAMES
              1      18       28.57       500      610      700      900      950      970     1000      129      960     1100   
                                          VAR    BASINP    GEOM    SYMINP    ZMAT    AOBASIS   BASIS     P2S    ABASIS      S 
                                         1400     1410     1200     1210     1080     1600     1650     1700   
                                           T        V       H0       H01     AOSYM     SMH    MOLCAS    OPER   

              2       5        0.76       700     1000      520     2100     2140   
                                         GEOM     BASIS   MCVARS     RHF     MCSCF   

 PROGRAMS   *        TOTAL  DF-MULTI    DF-RHF       INT
 CPU TIMES  *         0.46      0.13      0.11      0.09
 REAL TIME  *         0.83 SEC
 DISK USED  *        29.84 MB
 **********************************************************************************************************************************

 DF-MULTI/cc-pVDZ energy=    -76.079849919381

        DF-MULTI          DF-RHF
    -76.07984992    -76.02486870
 **********************************************************************************************************************************
 Molpro calculation terminated
