
 Working directory              : /scratch/st_ac131646.5400293/molpro.y8ZuZhkQbB/
 Global scratch directory       : /scratch/st_ac131646.5400293/molpro.y8ZuZhkQbB/
 Wavefunction directory         : /lustre/home/st/st_us-031110/st_ac131646/projects/icMRCC-paper/m-benzyne/m-benzyne_singlett_cc-pV5Z_cic/
 Main file repository           : /scratch/st_ac131646.5400293/molpro.y8ZuZhkQbB/

 id        : koehnrobert

 Nodes     nprocs
 n0102        1
 GA implementation: MPI file
 GA implementation (serial work in mppx): MPI file

 Using customized tuning parameters: mindgm=1; mindgv=20; mindgc=4; mindgr=1; noblas=0; minvec=7
 default implementation of scratch files=df  


 Variables initialized (1015), CPU time= 0.00 sec
 memory,4000,m
 gthresh,orbital=1d-11,energy=1d-8
 gprint,orbital
 basis,cc-pV5Z
 angstrom
 geom={
 10
 C    0.00000000000000      0.00000000000000     -1.59636600000000
 C    0.00000000000000      1.06573100000000     -0.70322100000000
 C    0.00000000000000     -1.06573100000000     -0.70322100000000
 C    0.00000000000000      0.00000000000000      1.45056500000000
 C    0.00000000000000      1.19116100000000      0.68511900000000
 C    0.00000000000000     -1.19116100000000      0.68511900000000
 H    0.00000000000000      0.00000000000000     -2.68876600000000
 H    0.00000000000000      2.18351400000000      1.15224500000000
 H    0.00000000000000     -2.18351400000000      1.15224500000000
 H    0.00000000000000      0.00000000000000      2.55136500000000}
 {hf
 closed,11,2,6,1
 wf,40,1,0}
 
 do i=1,3
 {cic
 core,4,0,2,0
 wf,40,1,0}
 enddo
 
 Commands initialized (834), CPU time= 0.00 sec, 672 directives.
 Default parameters read. Elapsed time= 2.39 sec

 Checking input...
 Passed
1


                                         ***  PROGRAM SYSTEM MOLPRO  ***
                                       Copyright, TTI GmbH Stuttgart, 2015
                                    Version 2022.2 linked Fri Feb 25 15:46:38 2022


 **********************************************************************************************************************************
 LABEL *                                                                                 
  64 bit serial version                                                                  DATE: 29-Mar-22          TIME: 12:10:47  
 **********************************************************************************************************************************

 SHA1:             30aa63e668a0f6fada0aaaa022d4e13a0508f1bc
 **********************************************************************************************************************************

 Memory per process:      4000 MW
 Total memory per node:   4000 MW

 GA preallocation disabled
 GA check disabled

 Variable memory set to 4000.0 MW


 THRESHOLDS:

 ZERO    =  1.00D-12  ONEINT  =  1.00D-12  TWOINT  =  1.00D-11  PREFAC  =  1.00D-14  XXXXXX  =  1.00D-09  EORDER  =  1.00D-04
 ENERGY  =  1.00D-08  ETEST   =  0.00D+00  EDENS   =  0.00D+00  THRDEDEF=  1.00D-06  GRADIENT=  1.00D-05  STEP    =  1.00D-03
 ORBITAL =  1.00D-11  CIVEC   =  1.00D-05  COEFF   =  1.00D-04  PRINTCI =  5.00D-02  PUNCHCI =  9.90D+01  OPTGRAD =  3.00D-04
 OPTENERG=  1.00D-06  OPTSTEP =  3.00D-04  THRGRAD =  1.00D-10  COMPRESS=  1.00D-11  VARMIN  =  1.00D-07  VARMAX  =  1.00D-03
 THRDOUB =  0.00D+00  THRDIV  =  1.00D-05  THRRED  =  1.00D-07  THRPSP  =  1.00D+00  THRDC   =  1.00D-10  THRCS   =  1.00D-10
 THRNRM  =  1.00D-08  THREQ   =  0.00D+00  THRDE   =  1.00D+00  THRREF  =  1.00D-05  SPARFAC =  1.00D+00  THRDLP  =  1.00D-07
 THRDIA  =  1.00D-10  THRDLS  =  1.00D-07  THRGPS  =  0.00D+00  THRKEX  =  0.00D+00  THRDIS  =  2.00D-01  THRVAR  =  1.00D-10
 THRLOC  =  1.00D-06  THRGAP  =  1.00D-06  THRLOCT = -1.00D+00  THRGAPT = -1.00D+00  THRORB  =  1.00D-06  THRMLTP =  0.00D+00
 THRCPQCI=  1.00D-10  KEXTA   =  0.00D+00  THRCOARS=  0.00D+00  SYMTOL  =  1.00D-06  GRADTOL =  1.00D-06  THROVL  =  1.00D-08
 THRORTH =  1.00D-08  THRDLOVL= -1.00D+00  GRID    =  1.00D-06  GRIDMAX =  1.00D-03  DTMAX   =  0.00D+00  THROCCDE=  1.00D-01
 THROCCDE=  1.00D-01  THRPRINT=  2.50D-01


 SETTING BASIS          =    CC-PV5Z
 ZUNIT=ANG


 Geometry recognized as XYZ



 Recomputing integrals since basis changed


 Using spherical harmonics

 Library entry C      S cc-pV5Z              selected for orbital group  1
 Library entry C      P cc-pV5Z              selected for orbital group  1
 Library entry C      D cc-pV5Z              selected for orbital group  1
 Library entry C      F cc-pV5Z              selected for orbital group  1
 Library entry C      G cc-pV5Z              selected for orbital group  1
 Library entry C      H cc-pV5Z              selected for orbital group  1
 Library entry H      S cc-pV5Z              selected for orbital group  2
 Library entry H      P cc-pV5Z              selected for orbital group  2
 Library entry H      D cc-pV5Z              selected for orbital group  2
 Library entry H      F cc-pV5Z              selected for orbital group  2
 Library entry H      G cc-pV5Z              selected for orbital group  2


 PROGRAM * SEWARD (Integral evaluation for generally contracted gaussian basis sets)     Author: Roland Lindh, 1990

 Geometry written to block  1 of record 700


 Point group  C2v 



 ATOMIC COORDINATES

 NR  ATOM    CHARGE       X              Y              Z

   1  C       6.00    0.000000000    0.000000000   -3.016694535
   2  C       6.00    0.000000000    2.013939713   -1.328895095
   3  C       6.00    0.000000000   -2.013939713   -1.328895095
   4  C       6.00    0.000000000    0.000000000    2.741170576
   5  C       6.00    0.000000000    2.250968060    1.294687273
   6  C       6.00    0.000000000   -2.250968060    1.294687273
   7  H       1.00    0.000000000    0.000000000   -5.081031353
   8  H       1.00    0.000000000    4.126243449    2.177427478
   9  H       1.00    0.000000000   -4.126243449    2.177427478
  10  H       1.00    0.000000000    0.000000000    4.821381094

 Bond lengths in Bohr (Angstrom)

 1-2  2.627664384  1-3  2.627664384  1-7  2.064336819  2-5  2.634267807  3-6  2.634267807
     ( 1.390500110)     ( 1.390500110)     ( 1.092400000)     ( 1.393994491)     ( 1.393994491)

  4- 5  2.675662751   4- 6  2.675662751   4-10  2.080210518   5- 8  2.072652420   6- 9  2.072652420
       ( 1.415899752)       ( 1.415899752)       ( 1.100800000)       ( 1.096800427)       ( 1.096800427)

 Bond angles

  1-2-5  135.12736847   1-3-6  135.12736847   2-1-3  100.07004201   2-1-7  129.96497899

  2-5-4  117.56261291   2-5-8  120.36995809   3-1-7  129.96497899   3-6-4  117.56261291

  3-6-9  120.36995809   4-5-8  122.06742900   4-6-9  122.06742900   5-4-6  114.54999524

  5- 4-10  122.72500238   6- 4-10  122.72500238

 NUCLEAR CHARGE:                   40
 NUMBER OF PRIMITIVE AOS:        1150
 NUMBER OF SYMMETRY AOS:          880
 NUMBER OF CONTRACTIONS:          766   (  259A1  +  160B1  +  217B2  +  130A2  )
 NUMBER OF INNER CORE ORBITALS:     0   (    0A1  +    0B1  +    0B2  +    0A2  )
 NUMBER OF OUTER CORE ORBITALS:     6   (    4A1  +    0B1  +    2B2  +    0A2  )
 NUMBER OF VALENCE ORBITALS:       28   (   13A1  +    4B1  +    9B2  +    2A2  )


 NUCLEAR REPULSION ENERGY  184.34778994


 Eigenvalues of metric

         1 0.559E-05 0.122E-04 0.126E-04 0.174E-04 0.198E-04 0.208E-04 0.294E-04 0.408E-04
         2 0.207E-03 0.547E-03 0.747E-03 0.788E-03 0.912E-03 0.110E-02 0.124E-02 0.202E-02
         3 0.998E-06 0.133E-04 0.159E-04 0.205E-04 0.389E-04 0.439E-04 0.626E-04 0.829E-04
         4 0.459E-03 0.672E-03 0.901E-03 0.101E-02 0.159E-02 0.258E-02 0.338E-02 0.480E-02


 Contracted 2-electron integrals neglected if value below      1.0D-14
 AO integral compression algorithm  1   Integral accuracy      1.0D-14

     55034.249 MB (compressed) written to integral file ( 58.1%)


 NUMBER OF SORTED TWO-ELECTRON INTEGRALS:10870358911.     BUFFER LENGTH:  32768
 NUMBER OF SEGMENTS: 171  SEGMENT LENGTH:   63999810      RECORD LENGTH: 262144

 Memory used in sort:      64.29 MW

 SORT1 READ 11842021546. AND WROTE  9187911310. INTEGRALS IN  52658 RECORDS. CPU TIME:   602.34 SEC, REAL TIME:   672.59 SEC
 SORT2 READ  9187911310. AND WROTE 10870358911. INTEGRALS IN 209939 RECORDS. CPU TIME:   166.58 SEC, REAL TIME:   198.84 SEC

 FILE SIZES:   FILE 1: 55076.7 MBYTE,  FILE 4:110431.9 MBYTE,   TOTAL: 165508.5 MBYTE

 OPERATOR DM      FOR CENTER  0  COORDINATES:    0.000000    0.000000    0.000000


 **********************************************************************************************************************************
 DATASETS  * FILE   NREC   LENGTH (MB)   RECORD NAMES
              1      19    51282.34       500      610      700      900      950      970     1000      129      960     1100   
                                          VAR    BASINP    GEOM    SYMINP    ZMAT    AOBASIS   BASIS     P2S    ABASIS      S 
                                         1400     1410     1200     1210     1080     1600     1650     1300     1700   
                                           T        V       H0       H01     AOSYM     SMH    MOLCAS    ERIS     OPER   

 PROGRAMS   *        TOTAL       INT
 CPU TIMES  *      1560.49   1560.36
 REAL TIME  *      1695.34 SEC
 DISK USED  *       154.14 GB
 **********************************************************************************************************************************


 Program * Restricted Hartree-Fock

 Orbital guess generated from atomic densities. Full valence occupancy:   17   4  11   2

 Initial occupancy:  11   2   6   1

 NELEC=   40   SYM=1   MS2= 0   THRE=1.0D-10   THRD=1.0D-11   THRG=1.0D-11  HFMA2=F  DIIS_START=2   DIIS_MAX=10   DIIS_INCORE=F

 Level shifts:    0.00 (CLOSED)    0.00 (OPEN)    0.30 (GAP_MIN)

 ITER           ETOT              DE          GRAD        DDIFF     DIIS  NEXP   TIME(IT)  TIME(TOT)  DIAG
   1     -229.37623805    -229.37623805     0.00D+00     0.31D-01     0     0      35.17     68.58    start
   2     -229.41888385      -0.04264580     0.25D-02     0.28D-02     1     0      35.00    103.58    diag
   3     -229.42373803      -0.00485418     0.90D-03     0.94D-03     2     0      35.18    138.76    diag
   4     -229.42483061      -0.00109258     0.40D-03     0.73D-03     3     0      35.12    173.88    diag
   5     -229.42491943      -0.00008881     0.11D-03     0.30D-03     4     0      35.07    208.95    diag
   6     -229.42493969      -0.00002026     0.46D-04     0.12D-03     5     0      35.04    243.99    diag
   7     -229.42494189      -0.00000220     0.11D-04     0.42D-04     6     0      35.03    279.02    diag
   8     -229.42494222      -0.00000033     0.43D-05     0.80D-05     7     0      35.08    314.10    fixocc
   9     -229.42494229      -0.00000006     0.17D-05     0.65D-05     8     0      35.15    349.25    diag
  10     -229.42494230      -0.00000002     0.88D-06     0.55D-05     9     0      35.03    384.28    diag/orth
  11     -229.42494230      -0.00000000     0.33D-06     0.19D-05     9     0      35.11    419.39    diag
  12     -229.42494230      -0.00000000     0.14D-06     0.39D-06     9     0      35.08    454.47    diag
  13     -229.42494230      -0.00000000     0.52D-07     0.12D-06     9     0      35.18    489.65    diag
  14     -229.42494230      -0.00000000     0.74D-08     0.36D-07     9     0      35.08    524.73    diag
  15     -229.42494230       0.00000000     0.22D-08     0.22D-07     9     0      35.06    559.79    diag
  16     -229.42494230      -0.00000000     0.11D-08     0.25D-08     9     0      35.13    594.92    diag
  17     -229.42494230       0.00000000     0.30D-09     0.22D-08     9     0      35.11    630.03    diag
  18     -229.42494230      -0.00000000     0.77D-10     0.38D-09     9     0      35.12    665.15    diag
  19     -229.42494230      -0.00000000     0.30D-10     0.19D-09     9     0      35.08    700.23    diag
  20     -229.42494230       0.00000000     0.78D-11     0.11D-09     9     0      35.05    735.28    diag/orth
  21     -229.42494230      -0.00000000     0.31D-11     0.15D-09     9     0      35.17    770.45    diag
  22     -229.42494230       0.00000000     0.23D-11     0.13D-09     9     0      35.13    805.58    diag
  23     -229.42494230      -0.00000000     0.17D-11     0.43D-10     9     0      35.13    840.71    diag
  24     -229.42494230      -0.00000000     0.15D-11     0.41D-10     9     0      35.02    875.73    diag
  25     -229.42494230       0.00000000     0.17D-11     0.26D-10     9     0      35.00    910.73    diag
  26     -229.42494230      -0.00000000     0.17D-11     0.14D-10     9     0      34.99    945.72    diag
  27     -229.42494230       0.00000000     0.17D-11     0.22D-10     9     0      35.04    980.76    diag
  28     -229.42494230      -0.00000000     0.14D-11     0.15D-10     9     0      35.02   1015.78    diag
  29     -229.42494230      -0.00000000     0.11D-11     0.18D-10     9     0      35.08   1050.86    diag
  30     -229.42494230      -0.00000000     0.15D-11     0.15D-10     9     0      35.01   1085.87    diag/orth
  31     -229.42494230       0.00000000     0.14D-11     0.11D-10     9     0      35.06   1120.93    diag
  32     -229.42494230       0.00000000     0.12D-11     0.11D-10     9     0      35.12   1156.05    diag
  33     -229.42494230      -0.00000000     0.12D-11     0.12D-10     9     0      35.01   1191.06    diag
  34     -229.42494230      -0.00000000     0.17D-11     0.37D-11     9     0      35.20   1226.26    diag
  35     -229.42494230       0.00000000     0.13D-11     0.88D-10     0     0      35.06   1261.32    diag

 Final occupancy:  11   2   6   1

 !RHF STATE 1.1 Energy               -229.424942304859
  RHF One-electron energy            -673.212137190459
  RHF Two-electron energy             259.439404946323
  RHF Kinetic energy                  228.699305696002
  RHF Nuclear energy                  184.347789939278
  RHF Virial quotient                  -1.003172885054

 !RHF STATE 1.1 Dipole moment           0.00000000     0.00000000     0.47217947
 Dipole moment /Debye                   0.00000000     0.00000000     1.20016051

 ELECTRON ORBITALS
 =================

  Orbital  Occupation    Energy    Cen Mu Typ  Coefficients
    1.1     2.00000   -11.29532     1  1  s    0.98969
    2.1     2.00000   -11.28970     2  1  s    0.98915
    3.1     2.00000   -11.27452     4  1  s    1.00011
    4.1     2.00000   -11.25911     5  1  s    1.00012
    5.1     2.00000    -1.17244     1  2  s    0.38976    2  2  s    0.55527    4  2  s    0.34341    5  2  s    0.49605
    6.1     2.00000    -1.04481     1  2  s    0.54309    2  2  s    0.32305    4  2  s   -0.50784    5  2  s   -0.41049
    7.1     2.00000    -0.83983     1  2  s    0.37248    2  2  s   -0.28791    2  1  pz  -0.37563    4  2  s    0.49483
                                    5  2  s   -0.27810    5  1  pz   0.36853    7  1  s    0.27509   10  1  s    0.36813
    8.1     2.00000    -0.71262     1  1  pz  -0.40354    5  2  s    0.27553    5  1  py   0.45385    7  1  s    0.46920
                                    8  1  s    0.58325
    9.1     2.00000    -0.65010     1  1  pz   0.43170    4  1  pz   0.50121    5  1  py   0.36703    7  1  s   -0.48600
                                    8  1  s    0.27726   10  1  s    0.51058
   10.1     2.00000    -0.57117     1  1  pz   0.33298    2  1  pz  -0.36879    2  1  py  -0.25791    4  1  pz  -0.39349
                                    5  1  pz   0.50587    7  1  s   -0.28690    8  1  s    0.43230   10  1  s   -0.50098
   11.1     2.00000    -0.31000     2  2  s    0.36808    2  6  s   -0.38210    2  1  pz  -0.47996    2  1  py   0.59313
                                    5  6  s    0.50783
    1.2     2.00000    -0.52585     1  1  px   0.35659    2  1  px   0.48670    4  1  px   0.30011    5  1  px   0.44948
    2.2     2.00000    -0.36498     1  1  px   0.50764    2  1  px   0.31569    4  1  px  -0.47659    5  1  px  -0.37868
    1.3     2.00000   -11.28970     2  1  s    1.00084
    2.3     2.00000   -11.25916     5  1  s    1.00136
    3.3     2.00000    -0.99881     2  2  s    0.56662    5  2  s    0.72992    8  1  s    0.29724
    4.3     2.00000    -0.77578     1  1  py   0.38640    2  2  s    0.66794    4  1  py  -0.30316    5  2  s   -0.36575
                                    5  1  pz  -0.35470    8  1  s   -0.35018
    5.3     2.00000    -0.62693     1  1  py  -0.45690    2  1  pz   0.63966    4  1  py  -0.34076    5  1  pz  -0.55931
    6.3     2.00000    -0.55872     4  1  py  -0.45907    5  1  py   0.72321    8  1  s    0.69426
    1.4     2.00000    -0.34714     2  1  px   0.58376    5  1  px   0.64217


 HOMO     11.1    -0.309999 =      -8.4355eV
 LUMO      7.3     0.027991 =       0.7617eV
 LUMO-HOMO         0.337990 =       9.1972eV

 Orbitals saved in record  2100.2


 **********************************************************************************************************************************
 DATASETS  * FILE   NREC   LENGTH (MB)   RECORD NAMES
              1      19    51282.34       500      610      700      900      950      970     1000      129      960     1100   
                                          VAR    BASINP    GEOM    SYMINP    ZMAT    AOBASIS   BASIS     P2S    ABASIS      S 
                                         1400     1410     1200     1210     1080     1600     1650     1300     1700   
                                           T        V       H0       H01     AOSYM     SMH    MOLCAS    ERIS     OPER   

              2       4        3.05       700     1000      520     2100   
                                         GEOM     BASIS   MCVARS     RHF  

 PROGRAMS   *        TOTAL    HF-SCF       INT
 CPU TIMES  *      2821.81   1261.32   1560.36
 REAL TIME  *      3141.06 SEC
 DISK USED  *       154.14 GB
 **********************************************************************************************************************************

 DO I                   =         1.00000000   


 PROGRAM * CIC (Multireference CI, CW-contracted)     Authors: K.R. Shamasundar, G. Knizia, H.-J. Werner (2010)


 Convergence thresholds:  THRVAR = 1.00D-08  THRDEN = 1.00D-08

 Number of optimized states: 1  Roots:    1
 Number of reference states: 1  Roots:    1

 Maximum number of shells:             3
 Maximum number of spin couplings:     1

 Number of core orbitals:           6 (   4   0   2   0 )
 Number of closed-shell orbitals:  14 (   7   2   4   1 )
 Number of external orbitals:     746 ( 248 158 211 129 )

 Molecular orbitals read from record     2100.2  Type=RHF/CANONICAL  

 Integral transformation finished. Total CPU:  91.01 sec, npass=  1  Memory used:  17.60 MW

 Memory for basic coupling coefficients:         0.00 MW

 Number of p-space configurations:   1

 Reference wavefunction optimized for reference space (refopt=1)

 State     Reference Energy 
     1      -229.42494230
  Reference Energy (ciint)           -229.424942304859

 Employing full contracted CI algorithm. (File: icmrcirefac.itfca)
 Time for creating CI tensors:                  0.01 sec

 Time for preparing CSF-CSF contractions:       0.00 sec
 Time for reduced density matrices (1,2):       0.00 sec
 Time for reduced density matrix (3):           0.00 sec
 Time for CI intermediates:                     0.10 sec
 Time for orthogonal contracted spaces:         0.00 sec

 Summary of contracted spaces:  (Vars.: should be total #amplitudes for the spaces)

    Name    Size    Vars.     RDM   Del.Fn.    S-Min      S-Max      S-Ratio
    P2+  :     0 7472400       2       0      0.00e+00   0.00e+00   0.00e+00
    P2-  :     0 6412880       2       0      0.00e+00   0.00e+00   0.00e+00

 Summary of energy denominators:

    E(Ref) :  -125.1512344605763
    I0     :  -125.1512344605761  Gap (har) =    0.000
    S0     :     0.0000000000000  Gap (har) =  125.151
    Pairs  :  -125.1799298008279  Gap (har) =   -0.029

 Convergence thresholds:   THRVAR = 1.00e-08  THRDEN = 1.00e-08
 Denominator shifts:       SHIFTI = 0.10      SHIFTS = 0.15      SHIFTP = 0.20

 ITER.     SQ.NORM    TOTAL ENERGY    CORR.ENERGY   ENERGY CHANGE      VAR         CPU
   1     1.00000000  -229.42494230     0.00000000     0.00000000    6.34e-01      0.97
   2     1.24438459  -230.18865449    -0.76371218    -0.76371218    2.89e-02    169.48
   3     1.21418990  -230.24951499    -0.82457269    -0.06086051    8.73e-04    337.94
   4     1.21320546  -230.25131260    -0.82637029    -0.00179760    1.95e-05    506.75
   5     1.21353431  -230.25136763    -0.82642532    -0.00005503    7.17e-07    675.91
   6     1.21363665  -230.25136945    -0.82642715    -0.00000182    2.13e-08    847.07
   7     1.21363846  -230.25136952    -0.82642721    -0.00000007    6.55e-10   1019.09
   8     1.21363843  -230.25136952    -0.82642722    -0.00000000    2.52e-11   1191.59


 RESULTS FOR STATE 1.1
 =====================

 Coefficient of reference function:   C(0) = 0.90772718 (fixed)   0.90772718 (relaxed)

  Nuclear energy                     -104.273707844283
  Electronic energy                  -125.977661675647
  Reference Energy                   -229.424942304859
  Correlation energy                   -0.826427215071
 !Total energy                       -230.251369519930


  Cluster corrected energy:          -230.427926130574 (Davidson, fixed reference)
  Cluster corrected energy:          -230.427926130574 (Davidson, relaxed reference)



 **********************************************************************************************************************************
 DATASETS  * FILE   NREC   LENGTH (MB)   RECORD NAMES
              1      20    51465.83       500      610      700      900      950      970     1000      129      960     1100   
                                          VAR    BASINP    GEOM    SYMINP    ZMAT    AOBASIS   BASIS     P2S    ABASIS      S 
                                         1400     1410     1200     1210     1080     1600     1650     1300     1700     1380   
                                           T        V       H0       H01     AOSYM     SMH    MOLCAS    ERIS     OPER     JKOP   

              2       4        3.05       700     1000      520     2100   
                                         GEOM     BASIS   MCVARS     RHF  

 PROGRAMS   *        TOTAL       CIC    HF-SCF       INT
 CPU TIMES  *      4140.34   1318.53   1261.32   1560.36
 REAL TIME  *      4600.39 SEC
 DISK USED  *       154.14 GB
 **********************************************************************************************************************************

 DO I                   =         2.00000000   


 PROGRAM * CIC (Multireference CI, CW-contracted)     Authors: K.R. Shamasundar, G. Knizia, H.-J. Werner (2010)


 Convergence thresholds:  THRVAR = 1.00D-08  THRDEN = 1.00D-08

 Number of optimized states: 1  Roots:    1
 Number of reference states: 1  Roots:    1

 Maximum number of shells:             3
 Maximum number of spin couplings:     1

 Number of core orbitals:           6 (   4   0   2   0 )
 Number of closed-shell orbitals:  14 (   7   2   4   1 )
 Number of external orbitals:     746 ( 248 158 211 129 )

 Molecular orbitals read from record     2100.2  Type=RHF/CANONICAL  

 Coulomb and exchange operators available. No transformation done.

 Memory for basic coupling coefficients:         0.00 MW

 Number of p-space configurations:   1

 Reference wavefunction optimized for reference space (refopt=1)

 State     Reference Energy 
     1      -229.42494230
  Reference Energy (ciint)           -229.424942304859

 Employing full contracted CI algorithm. (File: icmrcirefac.itfca)
 Time for creating CI tensors:                  0.01 sec

 Time for preparing CSF-CSF contractions:       0.00 sec
 Time for reduced density matrices (1,2):       0.00 sec
 Time for reduced density matrix (3):           0.00 sec
 Time for CI intermediates:                     0.09 sec
 Time for orthogonal contracted spaces:         0.00 sec

 Summary of contracted spaces:  (Vars.: should be total #amplitudes for the spaces)

    Name    Size    Vars.     RDM   Del.Fn.    S-Min      S-Max      S-Ratio
    P2+  :     0 7472400       2       0      0.00e+00   0.00e+00   0.00e+00
    P2-  :     0 6412880       2       0      0.00e+00   0.00e+00   0.00e+00

 Summary of energy denominators:

    E(Ref) :  -125.1512344605763
    I0     :  -125.1512344605761  Gap (har) =    0.000
    S0     :     0.0000000000000  Gap (har) =  125.151
    Pairs  :  -125.1799298008279  Gap (har) =   -0.029

 Convergence thresholds:   THRVAR = 1.00e-08  THRDEN = 1.00e-08
 Denominator shifts:       SHIFTI = 0.10      SHIFTS = 0.15      SHIFTP = 0.20

 ITER.     SQ.NORM    TOTAL ENERGY    CORR.ENERGY   ENERGY CHANGE      VAR         CPU
   1     1.00000000  -229.42494230     0.00000000     0.00000000    6.34e-01      0.83
   2     1.24438459  -230.18865449    -0.76371218    -0.76371218    2.89e-02    168.96
   3     1.21418990  -230.24951499    -0.82457269    -0.06086051    8.73e-04    337.30
   4     1.21320546  -230.25131260    -0.82637029    -0.00179760    1.95e-05    505.66
   5     1.21353431  -230.25136763    -0.82642532    -0.00005503    7.17e-07    676.92
   6     1.21363665  -230.25136945    -0.82642715    -0.00000182    2.13e-08    848.23
   7     1.21363846  -230.25136952    -0.82642721    -0.00000007    6.55e-10   1019.69
   8     1.21363843  -230.25136952    -0.82642722    -0.00000000    2.52e-11   1191.72


 RESULTS FOR STATE 1.1
 =====================

 Coefficient of reference function:   C(0) = 0.90772718 (fixed)   0.90772718 (relaxed)

  Nuclear energy                     -104.273707844283
  Electronic energy                  -125.977661675647
  Reference Energy                   -229.424942304859
  Correlation energy                   -0.826427215071
 !Total energy                       -230.251369519930


  Cluster corrected energy:          -230.427926130574 (Davidson, fixed reference)
  Cluster corrected energy:          -230.427926130574 (Davidson, relaxed reference)



 **********************************************************************************************************************************
 DATASETS  * FILE   NREC   LENGTH (MB)   RECORD NAMES
              1      20    51465.83       500      610      700      900      950      970     1000      129      960     1100   
                                          VAR    BASINP    GEOM    SYMINP    ZMAT    AOBASIS   BASIS     P2S    ABASIS      S 
                                         1400     1410     1200     1210     1080     1600     1650     1300     1700     1380   
                                           T        V       H0       H01     AOSYM     SMH    MOLCAS    ERIS     OPER     JKOP   

              2       4        3.05       700     1000      520     2100   
                                         GEOM     BASIS   MCVARS     RHF  

 PROGRAMS   *        TOTAL       CIC       CIC    HF-SCF       INT
 CPU TIMES  *      5333.50   1193.16   1318.53   1261.32   1560.36
 REAL TIME  *      5920.96 SEC
 DISK USED  *       154.14 GB
 **********************************************************************************************************************************

 DO I                   =         3.00000000   


 PROGRAM * CIC (Multireference CI, CW-contracted)     Authors: K.R. Shamasundar, G. Knizia, H.-J. Werner (2010)


 Convergence thresholds:  THRVAR = 1.00D-08  THRDEN = 1.00D-08

 Number of optimized states: 1  Roots:    1
 Number of reference states: 1  Roots:    1

 Maximum number of shells:             3
 Maximum number of spin couplings:     1

 Number of core orbitals:           6 (   4   0   2   0 )
 Number of closed-shell orbitals:  14 (   7   2   4   1 )
 Number of external orbitals:     746 ( 248 158 211 129 )

 Molecular orbitals read from record     2100.2  Type=RHF/CANONICAL  

 Coulomb and exchange operators available. No transformation done.

 Memory for basic coupling coefficients:         0.00 MW

 Number of p-space configurations:   1

 Reference wavefunction optimized for reference space (refopt=1)

 State     Reference Energy 
     1      -229.42494230
  Reference Energy (ciint)           -229.424942304859

 Employing full contracted CI algorithm. (File: icmrcirefac.itfca)
 Time for creating CI tensors:                  0.01 sec

 Time for preparing CSF-CSF contractions:       0.00 sec
 Time for reduced density matrices (1,2):       0.00 sec
 Time for reduced density matrix (3):           0.00 sec
 Time for CI intermediates:                     0.09 sec
 Time for orthogonal contracted spaces:         0.00 sec

 Summary of contracted spaces:  (Vars.: should be total #amplitudes for the spaces)

    Name    Size    Vars.     RDM   Del.Fn.    S-Min      S-Max      S-Ratio
    P2+  :     0 7472400       2       0      0.00e+00   0.00e+00   0.00e+00
    P2-  :     0 6412880       2       0      0.00e+00   0.00e+00   0.00e+00

 Summary of energy denominators:

    E(Ref) :  -125.1512344605763
    I0     :  -125.1512344605761  Gap (har) =    0.000
    S0     :     0.0000000000000  Gap (har) =  125.151
    Pairs  :  -125.1799298008279  Gap (har) =   -0.029

 Convergence thresholds:   THRVAR = 1.00e-08  THRDEN = 1.00e-08
 Denominator shifts:       SHIFTI = 0.10      SHIFTS = 0.15      SHIFTP = 0.20

 ITER.     SQ.NORM    TOTAL ENERGY    CORR.ENERGY   ENERGY CHANGE      VAR         CPU
   1     1.00000000  -229.42494230     0.00000000     0.00000000    6.34e-01      0.82
   2     1.24438459  -230.18865449    -0.76371218    -0.76371218    2.89e-02    169.37
   3     1.21418990  -230.24951499    -0.82457269    -0.06086051    8.73e-04    337.16
   4     1.21320546  -230.25131260    -0.82637029    -0.00179760    1.95e-05    505.29
   5     1.21353431  -230.25136763    -0.82642532    -0.00005503    7.17e-07    676.37
   6     1.21363665  -230.25136945    -0.82642715    -0.00000182    2.13e-08    847.48
   7     1.21363846  -230.25136952    -0.82642721    -0.00000007    6.55e-10   1018.74
   8     1.21363843  -230.25136952    -0.82642722    -0.00000000    2.52e-11   1190.32


 RESULTS FOR STATE 1.1
 =====================

 Coefficient of reference function:   C(0) = 0.90772718 (fixed)   0.90772718 (relaxed)

  Nuclear energy                     -104.273707844283
  Electronic energy                  -125.977661675647
  Reference Energy                   -229.424942304859
  Correlation energy                   -0.826427215071
 !Total energy                       -230.251369519930


  Cluster corrected energy:          -230.427926130574 (Davidson, fixed reference)
  Cluster corrected energy:          -230.427926130574 (Davidson, relaxed reference)



 **********************************************************************************************************************************
 DATASETS  * FILE   NREC   LENGTH (MB)   RECORD NAMES
              1      20    51465.83       500      610      700      900      950      970     1000      129      960     1100   
                                          VAR    BASINP    GEOM    SYMINP    ZMAT    AOBASIS   BASIS     P2S    ABASIS      S 
                                         1400     1410     1200     1210     1080     1600     1650     1300     1700     1380   
                                           T        V       H0       H01     AOSYM     SMH    MOLCAS    ERIS     OPER     JKOP   

              2       4        3.05       700     1000      520     2100   
                                         GEOM     BASIS   MCVARS     RHF  

 PROGRAMS   *        TOTAL       CIC       CIC       CIC    HF-SCF       INT
 CPU TIMES  *      6525.30   1191.80   1193.16   1318.53   1261.32   1560.36
 REAL TIME  *      7240.65 SEC
 DISK USED  *       154.14 GB
 **********************************************************************************************************************************

 CIC/cc-pV5Z energy=   -230.251369519930

             CIC          HF-SCF
   -230.25136952   -229.42494230
 **********************************************************************************************************************************
 Molpro calculation terminated
